               
               
┌─────────────┐
│ Scan Status │
└─────────────┘
  Scanning 246 files tracked by git with 272 Code rules:
                                                                                                                        
  Language      Rules   Files          Origin      Rules                                                                
 ─────────────────────────────        ───────────────────                                                               
  <multilang>      54     164          Community     272                                                                
  js               23     117                                                                                           
  json              1      19                                                                                           
  yaml              1       2                                                                                           
  python           77       1                                                                                           
                                                                                                                        
                
                
┌──────────────┐
│ Scan Summary │
└──────────────┘
✅ Scan completed successfully.
 • Findings: 6 (6 blocking)
 • Rules run: 156
 • Targets scanned: 246
 • Parsed lines: ~100.0%
 • Scan skipped: 
   ◦ Matching --exclude patterns: 23
   ◦ Files larger than  files 1.0 MB: 2
   ◦ Files matching .semgrepignore patterns: 63
 • Scan was limited to files tracked by git
 • For a detailed list of skipped files and lines, run semgrep with the --verbose flag
Ran 156 rules on 246 files: 6 findings.
