Paths that match both --include and --exclude will be skipped by Semgrep.
               
               
┌─────────────┐
│ Scan Status │
└─────────────┘
  Scanning 2 files tracked by git with 12 Code rules:
  Scanning 2 files with 11 yaml rules.
                
                
┌──────────────┐
│ Scan Summary │
└──────────────┘
✅ Scan completed successfully.
 • Findings: 8 (8 blocking)
 • Rules run: 11
 • Targets scanned: 2
 • Parsed lines: ~100.0%
 • Scan skipped: 
   ◦ Not matching --include patterns: 263
   ◦ Matching --exclude patterns: 23
   ◦ Files matching .semgrepignore patterns: 63
 • Scan was limited to files tracked by git
 • For a detailed list of skipped files and lines, run semgrep with the --verbose flag
Ran 11 rules on 2 files: 8 findings.
