Paths that match both --include and --exclude will be skipped by Semgrep.
               
               
┌─────────────┐
│ Scan Status │
└─────────────┘
  Scanning 117 files tracked by git with 36 Code rules:
  Scanning 117 files with 36 js rules.
                
                
┌──────────────┐
│ Scan Summary │
└──────────────┘
✅ Scan completed successfully.
 • Findings: 0 (0 blocking)
 • Rules run: 36
 • Targets scanned: 117
 • Parsed lines: ~100.0%
 • Scan skipped: 
   ◦ Not matching --include patterns: 148
   ◦ Matching --exclude patterns: 23
   ◦ Files matching .semgrepignore patterns: 63
 • Scan was limited to files tracked by git
 • For a detailed list of skipped files and lines, run semgrep with the --verbose flag
Ran 36 rules on 117 files: 0 findings.
(need more rules? `semgrep login` for additional free Semgrep Registry rules)

If Semgrep missed a finding, please send us feedback to let us know!
See https://semgrep.dev/docs/reporting-false-negatives/
